bbbaaaabbbabbababbbbabbbbbbbbbbaabbabbbbabbbbbbbbbbbbbbbbbbbabbbbbbbabbbabbbbbbbbbbbbbaabbbbbbbbbababbbbabbaabbbabbbbabbbbbbbbbbbbbbbbbbbbbbbbababbbbbbabbbbabbbababbbbbbbbabbbaabbbbbabbbbbbbababbbbababbbbbbbbbbbbb
bbbbbababbbbbbbbbabbabababbbabbbaabbbbbaabbabbbbbbaaaabbbbbaaabbbbbaabbbbabbabbbbababbbbbbbbbbbbbbbbbabbabbbbbbabbbbbbbabbabbbbbbbbabbbbbbabbbbbbbbbabbbbbbbabbababbabbbbbbbbbbbbabbbababbabbbbbbabbbbbbababababbbbabbbbbbabbaababbbbababbbabbbbabbabbbbbbbbbbbbbbbbabbbbbbbabbbaabbbabbabbaababbbbbbbababbbaabbbbbbababbbb
bbbaaabbbbbbbbbbbbbbbbbabbaabaababbaabbbbbbbbbbbbbabbb
babbbbbbbbbbbbbbbbaabbababbbbbbbbbbbaabb
bbbbbbabbabbabbb
bbb
bbabbbbbbbbbabbbbbbbabbbbbabbbbbbbbbabbbabbabbbbbbbababababbbbbabbabbbabbbbbbbbbbbbababbbbbabbbbbbbbbbbbbbbbbbbbabbbbabbabbbbbbbbbbabbabbbbbabababababbbabababbabbbbbbabbbbabbbbbbbbbababbabbbabbbabbbbbbbbbbbbbbbbbaabbbbbbabbbbbbbbababbbabbbbbabbaabbbbbbbbbbbbbbabbbbbbbbabbbbbbabbbbbabbaaabbbbbbbabbbbbbbbbbbbbbbbbaaabbbbbbbbbbbbabbbbaababbaabbbbabaabbababbbbabbabbbbbbbbbbbbbbbbbbbbbbababbbbabbbbabbbbabbabbbbabbbbbbbabbbbbbbbbabbbbbabbbbb
bbbbabbbbbbbbabbbabbab
babbbbbabbbbbbbbbbbbbbabbabbbbabbabbbbbbabbbbbbbbbbbbbbabbbbbbbbbbbbbbbbbbbbbaabbbbabbbbbbaabbbbabbbbbbbbbbbbbbbbbbbabbbbbababbbbbabbbbbbababbbbabbabbbbabbbbaaabbabbbbbbbbbbbbbbaabbbbbbbbbbbbbabaab
bbbabbabbbabbabbabbbbabbbbbbbabbbbbabbbababbababbbaabbbbbbbbbaabbbbbbbbaaabbbbbbbbbabbbbbbbabbbaabbabbbbbabbbbbabbbabbbbbbbbbbaabbbbbabbbbbababbbbbbbbbbbbabbbbbbbabbbbbabbbbababbabbbbbbbababbbbbabbbaaabbabbbbabababbbbbbbaaabbbababbbabbabbbbabbbabbbbbbbbbbb
bbababbbbbbbabbabbbbbbbbbbbbabbbbbbbbabbbbbbbbbbab
abbbbbababbbbbbbbbbbbbbbbbbbbbbaaabbbbbbbabbabaabbbbbbbabbabbbabbbabbabbbbbbbba
bbbbbbbabbabbbbbbbbbbbbababbbbbbbbbbbbbbbbbabbbb
babbbbbabbabbbbabab
bbbbabbbbbbbbbbbbabbabbabbbabbabaaabbbbbbbabbbbabbaabbbbbbbbbbabbbbbbbbbbbbbbabbbaabbabbbabbbbaababbbabbbabbbbbbbaabbbabbbbbbabbbbbbabbabbbbbbbbbbbbbaabbbbababbbbbbbaababbbbbbbbbbbbbbbabbbbbbbbbabbaabbbbbabbbbbaabbbbbababbbbbbbbbbbbbbbbabbbbbabbbabbbbabbbbbabaababbabbbabbbbbbababbbabbbbbbbabbbabbabbababbbbbababaabbbbbbbbbbbbaabbabbbbbabbbbbabbaabbbbbbabbabbbbbbbababbab
bbbabbbabbbbbbbbaabbbbbbbabbbabababababbabbaabbababbbbbbbabbababbaababa
bbbbbbbbbbbbaababbbbbbbbbbbbbbbbbbbbbbbabbb
bbbbbbbbbbabbbbbbbbbbbbbbbbabbbbab
babbbbbabbbbbbabbaabbaaabbabbbbbbbabbbbbbbbabbbabbbbbbbbbbbbbbbbbbbbbaabbbbbbbbbabbbabbabbbbbbaababbbbbbabbabbabbbbbbbbabbbbbbbbbbbbabbbbbbbbbbbbbbbbbbbabbbbbbbbbbbbbbbbbbbbbababbbbbbbabbbbbbbabbbbabbbabababbbbbbbbbbbaabbbaababbbabbabbbabababbbbabbbbabbbbbbabbbabbbbbbbbbabbabbbbabbbbbbabbbbbabaabbbbbbbbbabbbbabbbababbbbbbbbabbbbbbbbabbbbbbbbbbbbbbbbbbbbabbbbbbbabbbabbbbbbabbbbbbbbbabbabbbbbbbabbabbbbabbabbabbbabbabbbbbabbbbaabbababbbaabbbbbbbbbbbbbbbbaaabbbbbabbbbabbbbbbababaabbbbbbbbbbbbbbbabbbbbbbabbabbbbabbbbbbbbabbbbbabbbbbbbbbabbbbabbaababbbaabbbbbbbabbbbbabbabbbabbabbbbbbaabbbbbbbbbaaabbbaaababbbbbbabbbbbbbbbbabbbbbbbbbbbabbbbbbbbbbbbbabbbbbbababbbbababbbbbbbbbbabbbbbbbbbbbabaaabbbbabbbbbbbababaabbaaabbbabbbabbbbbbbbbbabbbbbbbabbbabbbbbbbbbbaaabbabbbbbabaaabbbbaabbbb
babbabbbabbabbbbbbbbbbbbbabbbbbbbababbbabaabbabbabbbbabbabbbbabbabababbbbbbbbabbbbbbbbbbbbbbbbbbbbbbbbbbbbbbbababbbbababbbbbbaabbaabbbabbabbbbbbbbbbbababbbbbbbbbabababbabbbbbbbbbabbbbbbbbbbbbbbabbabbabbbbbbbbbabbbbababbbaabbbbbbabbabbaaababbbbbbbbbbababbbbbbaababbbbbabbbbbbbababbba
abbbbbbab
bbabbbbbbbbabbabbbbbbaabbbbbbbbbbbbbbbababbbbbbabbabbbabbbbabbbbabbbaaabbababbbbbbbbabbababbbbbbabbbbbbbbbbabbbbbbababbbabbbabbbbbbbbaababbabbbbababbbbabbbbbbbbababaabbbaaaabbbbbbbbabababbabbbabbbbbbbbababbbabbbb
bbbabbbbabbabbabbbabbabbba
bbbbbbbbabbabbbbbbabbbbbabbbabbaababbabbabbbabbbbbbbbabababbbbaabbbbbbbbababbbbbabbbbabbaabbbbbbbabbbbbbbbbbbbbbababbbaabbabbbaabbabbbbabaabbbbbbabbbbabbbbbbbbbabbabbbbaaababababbbbabbbbbabbbbbbbbbbbbbbababbbabaabbbbaabbbbaabbbabbbabbbbbabbbabbbbbbbbbaabbabbbbbbbbbbbbbbbbaabbbbbbbbbbbbbbbabbabbb
bbabbbbbbbbaabbbabbaaabbbbbbabbbabbaaabbbabbbbbbbbabbbbabbbbabbbabbabbbbbbbbabbbbbbbbaabbabbbbbbabbbbbbabbbbbbababbabbbabbbbbabbbbbbbbbbabbabbbbbbaabbbbaabbbbbbbbabbbbbbbabbbbbbbbbbabbbbbbbbbabbbbbbbbbabbbabbbbbbbbbbbbbbabbbbbbbabbbaabbbbbbbbbbbabababbbbbbbbabbbababbabbbbbbbaabbbabbbbbbbbbbbbbbbbbbbbbbbbbbbbaabbbbbabbbabaaabbbbbbbaabbbbbabbbababababbbabbbabbbbabbbbabababbaabbbbbbbabbbbbabbbbbbbbbabbbbbbbbbbbabbbbbbababbabbbbaaaaabbbbbbba
abbbbbbababbababbbbabbbbbbbbbbbbbabbbbabbbbabbbbbabbbbabbbbabbbabbbbbbbbabbabbbbababbbbbabbabbabbbabbabbababbbbbabaabb
bbabbabbabbbbbbbbbbbaabbbbabbbbbbbbbbaaabbbbbbbabbbbbbabbbbbbbbbbbaabbabbbabbabbbbbabbbbbbbbbbbbbbbbbabbbbababbbabbbaabbaabbabbbbbbbbbbbbbababbbbbbaabbbbbbbbbabbbbbabababbbbababbbbabbbbbbbaabababbaaabbbbbbbabbbbbbabbbbbbababbbbbabbbbbbbabbbbbbbbaaaaabbbbbbbbbbbabbbbbbbbbbbbabbabbbbbbbabbbbbbbbabbbbbbbbbbbbbbbbbbbaabbbbbbbbbbbbbbbbbbbbbbbbababbabbaaabbbbbbaabbbbabbbbbbabbabaabbbbbbbbaabbabbbbbbbbbbabbbbbbbbbbbbbbbbbbbbababbbbaabababbabbbabbbabbbabbbbbbbbbabbbbabbbabbbabbbbbbbbabbbbbbbbaabbbbbbbbbbbbbbbbabbbbabbbbbbbbaabbbbaabbbbbaabbbababbbbbabbbbbbbabbbbbabbbabababbbbbbbbbbabbbaaabbbabbbabbababbbbbba
bbbbababbbabbbbbabbabbbbbbbbbbbbbaabbbabbbbbbbbbbbbbbbbbabbbbbbbbbbbbabbbbbaabbaabbbbabbbbabbbbbabbaabbbbbbbabbbbaababa
bbbbabbbbbbbbbbbbbbbbbabbbbbbbbbabbbaabbbbbbbbaabbbbbbabbbbbbabbbbbbbbbbbabbbbbbbbbbbbbbbbbbbbbbbbbaababbbbbbbbbbabbbabbbabbbbbbb
bababbbbbbbababbabbbbbbbbbbbbabbbbbbbbbbbbbabbbbbabbaabbbbabbbbbabbbabbaabbbbabbbabbabbbbabbaba
bbaaaabababbbabbbabbaaabbbbbabbbbaaabbbbbbbbbbbbbabbbabbabbbababbbbabbbbbbaabbbbbabbabaaabbabbbbbabbbabbbbbabbbbbaabbbabbbbbbbbabbbbabbbbbbbbaabaababbbbbbbbbbabababbaabbbbbbbbbbbbbbbbbbbbbbbbbbbbbbbbbbabbbbaabbbbbabbaabbabbbabababbbbbbbbbbbabbbbbbbbbbbbbbbbbbababbbbbbabbbbbbbbbbbaabbbbbbbbbbbaababbbbbbbbabbbbbabbbabbbbbbbbbbaabaababbbbbbabbbbbbbbbbbbaabbbbbbbbbabbababbbb
abbbbbbbbbbbbbbbbbbbbbabbbbbabbbabbbbabbbabb
bbbbabbbb
babbbbbbbbbbbabbbbbabbabbbbbbbbbbbaabaababbbabbbbbbbbbbbbbbabbbabbbbbbbbbbabbbbababbbbbbbbbbbbbbbbababbbababbabbbbbabbbabbbbbbabbbaabbbbbbbbabbbbbbbbbbabbabbbbbbbbbbbbbbbbbbbabbbbbbaabbbbbaabbbbbbabbabbababbbabbbabbbbbbbbbbbbbbbbbabbb
baabbaabbbbbabbbabbbbbbbbbbbabbbbbbaabababbbaabbbbbbbabbabbbbbbbbbbbbbbbbbbbbbbaabbbabbababbbabb
baabbbbbbbbbbaababbbbbbbabbbbbabbbbbabbabbbbbbbbbaababbabbbabbbaabbbbbbbbbbbbbbabbbbbbbbbbbabbbbbbbaabbbbabbbbbbabbbbbbbbabbbbbbbbbbbbbbbbbababbbbbbbb
babbbaabababbbbbaabbbbabbbabbbbabbbaabbbbbababbbbbbabbabbbbabbbbbaabbbbbbbbbbbbabbbbbbbbbbbabbbbaaabaabbabbbbabbbbbabbbbbaaaabbbbabbbbbabb
bbbabbbbbbabbbbbbbbabbbbbbbbbbbbbbbbbbbbbbabbabbbbabbbbbababbbbaabbabbbbbbbbbabbbbabbabbbbbbbbbbbbababbbaabbbbbbabbbbbbabbbbbbabbbbbabbbbbbbbabbbbbbbbbbabbbbaabbbaabbbabbbbbabbbabbbbbabbbbababbbbbbabbbbbabbbbbaabbbbbbbabbbbbbababbbaabaabbbabaabbbbabbb
bbbbbbbbbbbbbbbbbbbbbbbbababbbaabbbbbbbbababbbbbabbbababababbabbbaabbbabbababbabbbbbabb
babbbbbbbbbbbbbbbbbbbbbbbbabbabbbbbbbabbbbbbabbbbabbbabbbbbaabbaabbbaabbabbabbbbbbabbbbaaababbbabbbaabbaabbbabbabbbbbbbabababbbbbbabbbbabbbbbbbbabbbbababbbbbabbbabbbbabbbbbbbbbbbabbbbbbabaabbbbaaabbabbbbbbabbbbbababbababbbbaabaababbbbbb
bbbbbbbbbbbbbbbbbbbbbbbbabbbabbbabbbbbabbbbabababbbbbabbabbbbbbbbbbbbbbbbbbbbabbbbbbbababbbbbbbbbbbbabbbbbbaabbbbbaaaaabbbbaabbbbaabbbbbbbbbaaabbbbbabbbbaaabaabbbbbbbbbbabbbababbbabbbbbbaabbbababbbbabbbbbabbbabbababbbbbbbbbbaaabbbaababbabaabbbbbbbbbbbbbbbbbbbbabbbbbabbbbbbaaabbbbbbbbababbbbabbaabbbbbbbbbbbbbbaabbbbbbbbbbbbbbbbbbbbaaababbbbbbbbabbbabbbbbbbbbbbbbbabbbbbbbbbabbbabbbbaababbbbbbbababaabbbbbbbbbabbabbbbbbabbbabbbabbbabbbababbbbbbbbbbbbbbbbabbbbbbbbabbbababbabbbababbbbbbabbabbbbabbbbbbabbbbabbbabbbbabbbbbbbbbbbabbabaabbbbabbabbbbbabbabbbbbbbbabbbbbbbabbabbbbbabbbbbbbbbabbabababbbbbabbabbbabbbbbbbbabaabbabbabbbbbbbbbbbbabbbbbbbbbbbbbabbbbbbbbbbbbabbbb
babbbbbbbbbbbabbabbaabbbbbbbbbbabbbbbbabababbaabbbbbbbbbbbabbbbbabbbbabbaaabbbbbbbbbbbbbbabbbbbbbbbbababbbbbbbbbbabbbbabbbbbbbbbbbbbbaabbbbaabbbbabbbaabbbbbaabbbabbbbbbbababbabbbbbbbabbbbaabbabbaabbbbbbab
bbaabbbbbbbbbbbaabbbbbbaabbbbbbbbbbbbbbbbbbbbbbbbbbbbbbbbbbbb
bbbbbabbbbbbbbabbbbabbbbbbbabbbbbbbbbbbabbabbbbbbbabbbbbaabbabbbbaaabbbbaabaaabbabaabbbbbbabbbbbbbbbbbbbbbbbbbbabbbbabbbbabbaabbbbbbbbbbbbbbbbbbbbbbbbbbbbbbbaabbabbbbbbbbabbbabbbbbbabbbbbbbbbbabbbaabbbabbbbabbbababbbbbbbbbbbbbababaaaaabbbbbabbbbbbbbbbbbbbbbbbbaabbbbbbabbabbabbbabbbabbbbabbbabbbbabaabbbbbabbbbababbbbbbabbbbbababbbbbabbbbbbabbbabbbababbbbbbbbbbbbbbbbbbbbbbbbabbbbbbbabbbbbababbabaabbbbbabbbbbbbbabbbbbbbbbbbbbbabbbababbababbbbbabbbbbbbbbaabbabbbbbababbababababbbbbbbaabbbabbbbbbbbaabbabbbbbbbbbabbbbbbbbbbbbbbbabbbbbbbbbbabbbbbabbabbababbbbbabbbbbbbbabbbbaabbbbbbbbabbabbabbbabbbbbbbbabbbbabbbbbbbbbbaabbbbbbbbbbaabbbbbbbbbabb
abbbbbbbbbbabbbabbbbbbbbbbbbbbabbbbbbbbbabbaaabbabbaabbbbbbbbbbbbbabbbbbbbabababbbbbbabaabbbbbbababb
babbbbbabbbabbbbbbbbbbbbbbabbabbbbabbbbababbabbaabbbbabbabbbbbabbb
bbbbbbabbabbbbbbbbbbabbbbbbbbbbabababbbbbbbbbabbbabbbaabbbbbbbbbabbbaabbbbbbbbbbbbabbabbbbbabbbbbbbbaaaabbbbbbbbbbaabbbbbbbbbbbbbababbababbbbbbbbbbabbbbbbbbbbabbbbbbbabbbbbbbbbbbbbbbabbbbbbaabbabbbbbbbabbbabbbbbaabbaaabbbbbbaabbbabbbbabbababbbbbbbbbbaabbbabbbababbbbbbabbabbbbb
bbbbbabbbbbbbbbbabaabbbbbbbbbbbbabbabbbbbaabbababbbbbbbbbbbbabbbbbbbbbabbabbbbbabbbbbabbbbbbbabbbbbbbbbbbbbabbbbbaababbabbbbbbbbbbbbbbbbbbbbbbbbabbbbbbbbbbbbbbbbbbbbbbbbbbbaaabaabbabbbbbbbbbbabbabbbbbbbbbbbbbbabbbbbbabbbbbbbbbbbbabbbbbbbbbbbbabbbbba
bbaabbbabbbaababbbabbabbbbbbbbabbbbbbbbbbabbbbbbbbbbbbbbbbbabbbbbbbbbbbabbbbabbbbbbbbbbbbbbabbbbbbbbbbbbbbbbbbabbabbabbbbbbbbbbabbbbbbbbabbbbbbabbbbbabbbbbabbbbbabbbababbbbbbabababbbbababbbbbbbaabbbbbbbbabbbbbbbbabbabbbabbbbbbbbbbbbbbbbabbbaabbbbbbbbbbbbabbbbbbabaabbabbbbbbbabbbbbabbbabbbbbbbbbbbabbbabbbabbaababbbbbbbbbbbbabbbbababbbbbbaabbbbbaabbbbbabbbbbbbbbbbabbbbbbbbbabbbbbbbbbbbbbbbbbbbbbbbaabbbbbbabbbbbbbbbbabbbbbbbbbb
bbbbabbbbbbbbbbbbabbbaabbabbbbababbbbbbbbbbababbbbbbbbbbbabbbbabbbabbbbbabbabbbbaabbbbbbbbbbbbbbbbbaabbbbbbbbbabbabbbabbaabababbbbbbabbbbbabbbabbbbbbbbbbbbbbabababbbabbbbbbbabbbbbbabbbbbbabbbabbabbbaaabbbbababbbbbbbbbababbbbbaababbabbbbbbbabbbbabbbabbbabbbbabbbbbbbbbaabbbbbbbbabbbbbbabbbbbbbbbbbbab