aaavdjavmaajajjjaaaadv
aalonaacdalanbavazabcabvavdbananaaaaabaaaaoaoazaaoaaloacoabazabaabbnbbacazlacaabadaodzzbdaalaaznnbadzacbaabznvabaadlbbaabanoanbanbddaaaanzazoaazalazldaaanbaadanaacznbaadabaccacaavdcalzoaalcaaaaaaaadaazccbnncaaabvazacaaaanvdnbacaaaaaabnabdvnalabaaaodaanlaaccava
biabaaaearrpaajbaeabbaaapbaaabaabejapaabaaaaabbbayabbrbjjiapaaaanaabbbabbaabaaarbaaabaahaaahkbbjaaapabbbbbbraayyaanbaaibjeabbaiirjeejbaajaabihaaahaaaaeeawabajybahaajeaaaaaaayabaaapbahbaaabaaahababaabapbhaaraaaababawaiabkaapabybbaaakaaaaaaabbaaaanbyabanhabpiaa
caaabaaaalbaggaaaglagaggcabbacbaaaalbbagbgcallclcalgaaalaaaalcgalbagaglgablcallalbagaagcglgbabbcaaabacllaalaaaaabaabbalab
aaaamaaarrjdmaaaaafhaaaaaafraaaajaoaajfjfaajaardmjdfkaamdaaadmahrammaajrmadaammadaaaaaaaaadaaaaaaaaaraadaadakaarrrmmaaaamamfdjhajmfmhjmakaaaradaadajaahaaaaamkaamamafmdaaaafjkhaamaaafkaarkaraaaaaaaamharfmafjr
haoebbybbmbaoyebaadbbyobbadbbbmidhadeiebbbbheebbbkkybbebai
blbjtjbbbbfgffobbbmbftf
dcsdxcxbcdccxddbbxdcsddxbxcddxbxbccbdbclxbdbdcscxsxbsbcxdsbdcdbxxxxddcddxxlxdbbdbxcbxcxddddxdcbsbxbdsdbxdxdcbcbxbcbbddlxxcccsbxcbbcxbxbcdcdbbdbsbdbxcbsbbbdsbxxcxbdcbbsccbddsxdxbbcssbxddbc
aaaaahaaaahaaayaaaaaaaaaaaoaaaaaaxaaattattaaaaaaaaaaaaxaaaaaaaaaaaatalaaahaahaaaaaaaiaaaayaaaaaaaaaaaaaalaataaaaaaaaaahaayaaaaaaaaaaaaaaaaaaataaaayaaaaaaxaaaaaaaaaaaaaaaaaaaalaaiaoaaaaaaaaaaaaaaaxaaaaataaaaaaaaaaaaaaaaaaaaiaaaahxhaaaaaaaaaiaaaaaoaaaaaaaaaaaaaaaaahaaaaaaaaaaaaaaaaahaahaaaxaaaxaaaaaaaaaaataaaaaaaaaaaxaaaaaaaaaaaathoaaaaoyaaaoaaaaaaaahaahaaaaaaaaataaaaaaaaaaaaaaaahaaaaaaxaaaaahaaaaaaayaaaaaaaaaalaaaaaxaaaaaaaahaaaoaaaaaaaaaaaaaalataayaaaaaaaaxaaaaaaaaaaayaaabayaaaaaaaaaaaaiaaaxaaaaaaaaaataaaaaoaahaaaaaaaataaaaaaaaoaaahaaaaayaaaaaaaaaaaaaaaaaaaaaaaaattaaaaaaiaayaaaaaaaataaaaaaaaaaaaaaaahaaaaaaaayaaaaaaaaaaaaaaaaaaaaxaaaaaaaaaabaaaaaaaaaaaaaaaaaayaaaaaaaaaaaaoataaaaaaaoyaaaaaaaaaaaaxaaaaaaoaaaaaxxaaoyaaaaaaaxaaaaaaaaahaaaaalatoaaaaa
caavvaacacccxcaffccccacccmaaccvccmvcacccfcaavcmcacfccacfxccvcacxmavmccfcmccccaaccmcaaccxxmcvcamvvaffcfcmcccfvcaccacccvccacvvcvmafcmccaavcxacavfcccfcvacvcacacaccccxccacaccccvcaccvmfcfccccccfaccfcafaccacccacxcaccxccavfcccfccavcvaacaaccfvcfccfcaca
aahaaindaaifaaiaaaaaahaagaafafagawhe
bfdnldlunfdlnbnyfunbbfyjdnfbdfnnblunfbbbjlndbcdjjnnfcbbnydcddudbnbbfubunfyfyfunfdunnlnlbdflbblcndjnbdunblnududbubbuybjbndnnjyfdbdbbbdjfclfnffldulbnlnddfndujnlfluundbbyunlldjdbbjjbylbfnnujjjnudyjluylbfddnbdbbudddfubyjylbfydnnbdcjflddjjyfbdbccdddjduncydnybcbjnflnlfdbfjbdbjlfdybnujlffbdybdnndjbbldbdblfubbddbffynddclblfdfbdulubnbfbfdddbdfnjlbfffylybfnbbflnjnnndddbdnbnfbfudblcbdnjnyfbfnjfcnddylybndunlbyfyblfnjnljndnnfbujldyuybfbujbffbujfl
acnaaaaaaaaaaaaaaaasaaaaa
aairaaaaadaabbaaabaaa
xcbccaaaaaaacaaacaaaaapaaaacaaabaaaccssaaacaaaaaxaaxxwbpaecpoccaaacoaaaaabaaacaeaaxaaecoaaaaaaaaaaaaasceaaaaaawaaaacbccaaaacaacaawcabaxaaaaacaaaabeccaaaacaoaaaabaxcacaaapaaxaa
abgaaaaaaaawaaaaaaag
gcaaccacgacaaaaaacacacccgcaaaaacaaaaacgdagadgaaaadaaaacaagaacacdaagdcaagaaa
aaaagxiagaaa
adaaaagddagcagadidcdccddcdacdgadgdmiaddmdddddccgdggddcadadddadcddgiddcgadidgdiggdddddiagddadcdmddadddcmdiddcdgdddcmcddddiiddcmcdcdddddimagcddadcdcaacdgdddddadddcdddcddddcddacaccdacdgcddacgaddcdcddgdddgaadgddmidagduaiddcdggcadcadiddcadmcdcddcicdcdddidcaddcdudagddcuddgiadggddaaddddgcdiidgddaddmudiddmddgcuddcadddmadcdaddudaddiddgudcmadcdaauaddcddmdiddggmdaadcadddddcdmacdamadd
abbazaaaaaaabaaababaxdabbaqaabaaabaaqbbbbbbabaabaaadaaabbdabaaaazaababaabqbqbabbaqaaaadqbaaaaadbbaabbbaazaaaabzadabbabbbawzaaaabaaaaaazwaabbaakzzaxaararzbawabaabaablbkwaa
aaaaaaaaaadyaaaaaaddcaaaiiabaaaaafaaabaayaaacaaacaccaciafadaaiaaddfafaaa
xaaabaaaaaaakaaaaaaaaaaaaaaaaaflamaaaaaxakxaaaaaaabtaaaagaaaagxxaafaaaaaaaakabaa
aaaaaaasaaaaaaaaaaaaaaaaaaaaaaaaaaaaaaaaaaaaaaaaaaaaaaaaaaaaaaaaaaaaaaaaaaaaaaaaaaaaaaaaaaaaaaaaaaaaaaaaaaeaaaaaaaaaaaaaaaaaaaaaaaaaaaaaaaaaaaaadaaa
abbbabeabdsbbbabffabbegbgbsabbsgbdfeabsasadbrfabbbabbbedgddbababbsgbdbdgaababbbbsaadbdabbdraababbbbssdabgbbbgbfsadbebafefbafesdsaabbegsababfbrdabsebdbraabdsaggbaabbdbebebbesabrabfdrbaabebbebbbadbabbbaaddsbabbbbaabffbfdeabbebaebbabadaababbeaebabbbgsbaedaaaaaababsefsbbbbbgbbbaabaaasbfafebadbabdbbbaagadbdfbababgasabbassfbabbabbgabbabsasbbababgabbebbrbbabdsbdfbbfdbbsdsaabddbbbggsbbadsefebgeaabbbfbaebabbabsbsaabdbeddbbasbbadabbdabbadbabadadbaaerbredbearbbbsbggbaaabdbaaabdabbebbsdabdabsbe
anbncacjbcasnynayjsyybabcbccanccajbjcacjsbcccbacaabccbbjcsacsabnajcjcasnbababjcnjcccajbbsbncnanjcacaacaaasamnbnnbyc
abcbababmbbmacambaeamembccbaeeaecabbmmbbabmaqcmbbqeeqamaabcqmbmmbmaaqecaqqmbabqaabaaaabcebqcqbqbccebaabaqaacaaeaabcqbaaaccabbcaaqebebebqmaebbamcaabammmcabmccbqbmmbaaccabbabqembebbbcaqecbabaqabmmmmbbebbaabaamecbaebmmbqaacqccmabcababaecaabbmbaabbcabambcecccaecabacaeacaebab
dbbaaafbbbagbaagbbbbdkbbbbbbbbbkkfbabdabbdbbbdababbbbbkbbddkdbbbbbbbbfadbkb
afbbfbqaafbfaffggsabaaafagffasablaaaasaaaafbagaqafaaaagaqaaaaafaaqalamafaammfaaaaafbfabaaaaffqaafaalaalasaaaqbaaafflafmfsabaafaqlaafgaaaaagbqaaaaaamafqaggfbggmbafbfmfaaqaalmaaagfsffaafaaamaaafaqbasbaalfqabaaaqfaasaaalbbaafaaaqaaasmaalfqgaaaamaamafaagaaaaaaqmaaaasagaafamafaaaaaaasmfaafagbgalaagaafafsaasbfaaflfaaaaqaafbaaabbaaaaalaflbaafgaqaaaaaabaaaaafgaqaaaamaggaaa
cjjxccdujcujjcdjcjjcjuujdd
aaahaaaxcaacgaaaxhamaaaamaxhaaacaxamaalhaaaxaaaxaaaamaaaaaaaaaahagagmxmmaaaaaaaaammaagacxacmamaxsaaacachaxacacaamaagamaaaaaaaaamaamayasamasmasaayagaagcagsaagaaayaaamaxaaasamaaaasgacaagcaglaaacaaagcggmmaaaaaaammhaagaamaaamammagaaaaaahaagmaaayasaaamaaaxaaamaxsaaaaxasmaaaamaaaaaaaasaaaxaahaacaggcagagacsahmaaxcmaacgaalaaaahaagmaaaaaaagamaax
aaayaahgaaaaaabaaaaagaabaeaaaaaaabbabaahbaagaebabaaaaalggaaaaabybagaaaabaaablaaaaaaaaaaaaabanaaahagaa
ddodbdybbdyoydooodyddfbybddbfdbybddbooydbodbydoyoodobodboodyfybbdfybbddofbbbbodyyobbodbobbbfddbfofdbbdfbbydffddddobobdbydoddbfbddffdobbydbobbybbbbydbybod
aaaaaaeeaaaecaaaccaaayaqaawaeecaaaaaaaaaaalyalacfaalafawaafyfayacfcqaaaeaaaaaecaaaaceacaaacaaa
abaaxaatataqaxtadebtbxaxqaebtaaxta
aafaawaaaraababbaaaaabkaraakbaaakmaaaffaaaamaaaaafaaaamaaamkwaaaafaaayaaafwrafaaaakrkbfaaayafaawaayaaaaabaatmaawraaaaaaamaaabffamafkkaaab
aaaaaaaaaaaaaaaaaaaaaaaaaaaaaaaaaaaaaaaaaaaaaaaaaaafaaaaaaaaaaaaaaaaaaaaaaaaaaaaaaaaaaaaaaaaaaaaaaaaaaaaaaaaaaaaeaaaaaaaaaaaaaaaaaaaafaaaaaaaaaaaaaaaaaaaaaaaaaaaaaaaaaaaaaaaaaaaaaaaaaaaaaaaaaaaaaaaaaaaaaaaaaaaaaaaaaaaaaaaaaaaaaaaeaaaaaaaaaaaaaaaaaaaaaaaaaaaaaeaaaaaaaaaaaaeaaaaaaaaaaeaaaaaaaaaaaeaaaaaaaaaaaaaaaaaaaaaaaaaaaaaaaaaaaaeaaaaaaaaaaaaaaaaaaaaaaaaaaaaaaaaaaaaaaaaaaaaaaaaaaaaaaaaaaaaaeaaaaaaaaaaaaaaaaaaaaaaaaaaaaaaaaaaaaaaaaaaaaaaaaaaaaafeaaaaaaaaaaaaaaaaaaaaaaaaaaaaaa
abaaaaaaaabaaaaaaaaaaaaaaaaaaeaaaaaaaaaaajaaaeaaaaaaaaaaaaaaaaaaajaaaaaaabaabaabaaaaaaaaaaaaaaaeaaaaaaaaabaaaajaabaaajaaaaaaaaaaeaaaaaaabaaaaaeaaaabaaaaaeaaaaaaaaaaaaaaaaeaaaaaaabaaaaaaaaaaaaaaaaabaaaaaaaaaaaaaaaaaeeaaeaaaaaaaaaaabaaaaaaabaeaaaaaabpaeaaaaaabaaaaaaaaaapaaaaabaaaaaaaaaaaaaaaaaaabaaaaaaaeaaaaaaaaaaaaaabaaaaaaaaaabaaaaaaaaaaabaaaaaaaabbaaaaaaaaaaabaaaaaaaabaaabaaaaaaaaaajaaaaaaaeaaa
baabnaaqbqnaaaeaaebaaeaeaqbesbaraqaaebraefaraanaaaeraesbrababfbaaaaanaaeqabajaaaabbaeabbnakssaqaasaaaarqaarafeaseeabbaanaeaaeeubabreabaeaasaeebarubanaabasaaaaraaaabnanqeaaafaaaaakaraaaanrejaaunaabaaebaaaqbaeqeabeaebbuaaaaabebaasnaaaaaanabjaaaeaafbaebbaajnaeaaaabaajaeaaaaaababbaabeaaaaaaaerbaejrbbeabaaaauaararaeanaabaaaaeaaabqaabnaaaaaabbfeeaabqaaabssaaabjabbababaaaaasakeraeaaabraabnaaaaabaaaaaaaaaaar
akalaad
aaaaaaaaaaaaaaaaaaaaaaaaaaaaabaaadaaaaaaaaaaaaaaaaaaaaaaaaaaaaaaaauaaaaaaaaaaaaaaaaaaaaabaaaaaauaaaaaaaaaaaaaaabaaaaaaaaaaaaaaaaaaaaaaaaaaaaaaaaaaaaaaaaaaaaaaaaaaa
bbbbbbbbebbbbebbhbebbbebbbbbbbbbbebebbbbbebbbbbbbebbbbeebbbbbbbbbbbbbbbbbbbbbbebbbbbbbbbbbbbbbbbbhbbebbbbbbbbbbbbbebbbbbhbbbbbbbbbebbebebbbbbbbbbbbbbbbbbbbbbbbbbebbebbbbbbbbbbbbbbbbbbbebbbbbbbbbbbbbbbbbbhbeebbbbbbhhbbbbbbbbbbbbbbbbbbbbbbbebbbbbbbbebbebbbbbbhbbbbbbebbbbbbebbebbbbbbbbbheebbbbbbbhbbbbbbbbbbbbbbbbbbbbebbbbehbbbhbbbbbbbbhbbbbbbbbbbbbbbbbebbbbbbbbbbbbbbbbbbhebbbebbbbbbebbbbbbbbbbbhbbbbbbbbhbbbbhbbbbbbbbebebbbbbbbbbehbhbbbebbebbebbbbbbbbbbhbhbbbbbbbbhbbbbbbhbbbbbbbbbbbbbhbbbbbbbbbbbbbbbbbbbbbbbbbbbbebbbhbbbbbbebbbbbbbbebbbbbbbbbbbb
ebebajabeajjaebe
jhaaaajaaaaabaauajabaafaahjuafjbheajuaeeuaubabhuabahaeuuabebaabuhuufteabaahaafahjenhtab
anaauuccaaaaacaaiaaacacacauaaciinaaaccaanaacaciaicunnaiaaianuanunaancaaaciainicninciiaaaniiaauaaaaianaiaiaaniaauaaiicaaaaaauuaacacacainaacacnaccaicuiaancaaaacaacccacccaiuuiaccccaicnauaaicuaaanaaiaiiuaaaaccaacaacaccacianaaaccaaaiuccaacaaaaaiunacncaacaaacaianacaaai
baahbgabggagaggbkbahggaghgaaakagaaahgbhgahkhhababbbhaaaagagbgbgbgabbgbgbkgkaaagakkaggbghakbagkbaghghhbhbaabhhhkhbbaabahhabhbbgkbaaabbbgaghbbhakabbhahbbhbahaabgggahbabbagaaghabababaahabgahbhbhhabkaghhaabbgahabaggbbahbhghkaahbbhkhbhaabghbhggkbbkbaggaabahghaahbghhhgbagahabkhhhbgggbgaghhbagabaaababkaababgggaahahbaahhagkaahaagaabakahgghaggbb
bjaacabffalcwaaaacaaabbccawaaawcfaaabflfabbaacfaaafalafbaflfjacfccawbaawacfbaaaaajfabbalfafbaaaaaaaafaalbbafafacbbffalbaabcacffaaacablabaab
ucaakaaaabaaadaauaaaxaaaaaaaakaxakaabaaazbadaaaaaauaaaaabbdaaazaaaaabuadaazuabazzabaaaaababaadaaaadaaazaaadaaaaabbaaaaaaaaaaaaaaaaukaaaabauaaaaaazadaaaabaazaadabaaaaauaaaaaabbaaaadzabazaaaaakaaazaazakauaadakazaaaaadaaaaauabaaaduaaadaaaaaaaabaaaaxabaakaazaaazbaxaabbaaadabbuababadaaaaaaaaaaabaaabaazuaazaaabaaaaxaaaaakadbabaddaaabdaabauaaabaaaaaubaaadadaaaaabauuauaabuzaaaaaazbaauaaaxzaaaadaabbzazaadkazdaaauaaaazaaauauzbadabaabbakaabaaadaaauuaauaabaauabcbaaddaaaaaaaauazakkaaaakababukaduuakaaazaaadaaaaaaaadauabzaaabuzaabaaaaaabzaaxaaabaaaaaaakkdaaaaazaauazdaadaabaaaabbaazaabaaaaaazzaaaaaaaabauaaauuazaaaaacaaduaacbaabubaaaaaa
aabaaajaaaaaaaaaaac
wanaaetahamaaeataaaaaaawqaqmamaaaaaaaaajkaaaamaaaahaaaahakaaaaneraaaaaaaanaahaaahattaaatae
aaaaafaaaaaaaaaaaaaaaaaaaaaaaaaaaaaaaaaaaaaaaaaaaaaaaaaaaaaaaaaafaaaaataaaaaabaaaaaaaaaaaaaaaaaaaaaaaaaaaaaaaaaaaaaaaaaaaaaaaaaaaaaaaaaaaabaaaaaaaaaaaaaaabaaaaiaabaaaaaaaaaaaaaaaaaaaaaaaaaaaaaaaaaaaaaaaaaaaaaaaaaaaaaaaaaaaaaaaaaaaaaaaaaaaaaaaaaaabaaaaaaaaaaaaaaaaaaaaaaaaaaaaaaaaaaaaaaaaaaaaaaaaaaaaaaaafaaaaaaaaaaaaaaaaaaaaaaaaaaaaaaaaaaaaaaaaaaaaaaaaaaaaaaaaaaaaaaaaaaaaaaaaaaaaaaaaaaaaaaaaaaaaaaaaaaaaaaaaaaaaaaaaaaaaaaaabaaaaaaaaaaaaaaaaaaa